// Jest Snapshot v1, https://goo.gl/fbAQLP

exports[`core/quote block edit matches snapshot 1`] = `
<blockquote
  class="wp-block-quote"
>
  <div
    class="editor-inner-blocks"
  >
    <div
      class="editor-block-list__layout"
    >
      <div>
        <div
          class="editor-default-block-appender has-tip"
          data-root-uid=""
        >
          <div
            class="components-drop-zone editor-block-drop-zone is-appender"
          >
            <div
              class="components-drop-zone__content"
            >
              <svg
                aria-hidden="true"
                class="dashicon dashicons-upload components-drop-zone__content-icon"
                focusable="false"
                height="40"
                role="img"
                viewBox="0 0 20 20"
                width="40"
                xmlns="http://www.w3.org/2000/svg"
              >
                <path
                  d="M8 14V8H5l5-6 5 6h-3v6H8zm-2 2v-6H4v8h12.01v-8H14v6H6z"
                />
              </svg>
              <span
                class="components-drop-zone__content-text"
              >
                Drop files to upload
              </span>
            </div>
          </div>
          <input
            aria-label="Add block"
            class="editor-default-block-appender__content"
            readonly=""
            role="button"
            type="text"
            value="Write your story"
          />
          <div
            class="editor-inserter-with-shortcuts"
          >
            <button
              aria-label="Add Quote"
              class="components-button components-icon-button editor-inserter-with-shortcuts__block"
              type="button"
            >
              <svg
                aria-hidden="true"
                class="dashicon dashicons-format-quote"
                focusable="false"
                height="20"
                role="img"
                viewBox="0 0 20 20"
                width="20"
                xmlns="http://www.w3.org/2000/svg"
              >
                <path
                  d="M8.54 12.74c0-.87-.24-1.61-.72-2.22-.73-.92-2.14-1.03-2.96-.85-.34-1.93 1.3-4.39 3.42-5.45L6.65 1.94C3.45 3.46.31 6.96.85 11.37 1.19 14.16 2.8 16 5.08 16c1 0 1.83-.29 2.48-.88.66-.59.98-1.38.98-2.38zm9.43 0c0-.87-.24-1.61-.72-2.22-.73-.92-2.14-1.03-2.96-.85-.34-1.93 1.3-4.39 3.42-5.45l-1.63-2.28c-3.2 1.52-6.34 5.02-5.8 9.43.34 2.79 1.95 4.63 4.23 4.63 1 0 1.83-.29 2.48-.88.66-.59.98-1.38.98-2.38z"
                />
              </svg>
            </button>
          </div>
          <div
            class="editor-inserter"
          >
            <div>
              <button
                aria-expanded="false"
                aria-haspopup="true"
                aria-label="Add block"
                class="components-button components-icon-button editor-inserter__toggle"
                type="button"
              >
                <svg
                  aria-hidden="true"
                  class="dashicon dashicons-insert"
                  focusable="false"
                  height="20"
                  role="img"
                  viewBox="0 0 20 20"
                  width="20"
                  xmlns="http://www.w3.org/2000/svg"
                >
                  <path
                    d="M10 1c-5 0-9 4-9 9s4 9 9 9 9-4 9-9-4-9-9-9zm0 16c-3.9 0-7-3.1-7-7s3.1-7 7-7 7 3.1 7 7-3.1 7-7 7zm1-11H9v3H6v2h3v3h2v-3h3V9h-3V6z"
                  />
                </svg>
                <span>
                  <div>
                    <div
                      aria-label="Gutenberg tips"
                      class="components-popover nux-dot-tip is-top is-center no-arrow"
                      role="dialog"
                      style="visibility:hidden"
                    >
                      <div
                        class="components-popover__content"
                        tabindex="-1"
                      >
                        <p>
                          Welcome to the wonderful world of blocks! Click ‘Add block’ to insert different kinds of content—text, images, quotes, video, lists, and much more.
                        </p>
                        <p />
                      </div>
                    </div>
                  </div>
                </span>
              </button>
              <button
                class="components-button is-link"
                type="button"
              >
                Got it
              </button>
              <p />
              <button
                aria-label="Disable tips"
                class="components-button components-icon-button nux-dot-tip__disable"
                type="button"
              >
                <svg
                  aria-hidden="true"
                  class="dashicon dashicons-no-alt"
                  focusable="false"
                  height="20"
                  role="img"
                  viewBox="0 0 20 20"
                  width="20"
                  xmlns="http://www.w3.org/2000/svg"
                >
                  <path
                    d="M14.95 6.46L11.41 10l3.54 3.54-1.41 1.41L10 11.42l-3.53 3.53-1.42-1.42L8.58 10 5.05 6.47l1.42-1.42L10 8.58l3.54-3.53z"
                  />
                </svg>
              </button>
            </div>
          </div>
        </div>
      </div>
    </div>
  </div>
</blockquote>
`;
